[icit2015.ximb.ac.in/index.html]
[www.gstatic.com/sites/p/e66861/system/app/images/apple-touch-icon.png]
[backblue.gif]
[fade.gif]
[index.html]
[www.gstatic.com/sites/p/e66861/system/app/images/cleardot.gif]
[icit2015.ximb.ac.in/CSI/index.html]
[www.gstatic.com/sites/p/e66861/system/js/trog_edit__en.js]
[icit2015.ximb.ac.in/home.html]
[icit2015.ximb.ac.in/organizing-committee.html]
[icit2015.ximb.ac.in/tutorials.html]
[icit2015.ximb.ac.in/registration-fees.html]
[icit2015.ximb.ac.in/tpc.html]
[icit2015.ximb.ac.in/accomodation.html]
[icit2015.ximb.ac.in/contact.html]
[icit2015.ximb.ac.in/deadlines.html]
[icit2015.ximb.ac.in/papersub.html]
[icit2015.ximb.ac.in/_/rsrc/1449635047133/home/DrubusLogo45b93.png]
[icit2015.ximb.ac.in/system/app/pages/sitemap/hierarchy.html]
[icit2015.ximb.ac.in/_/rsrc/1449635114872/home/batoi-logo-white3dd1.png]
[icit2015.ximb.ac.in/_/rsrc/1450081231659/home/MCL16f4.png]
[icit2015.ximb.ac.in/_/rsrc/1450668260994/home/opgc.png]
[icit2015.ximb.ac.in/_/rsrc/1450086122330/home/GIFT.jpg]
[icit2015.ximb.ac.in/_/rsrc/1450154718273/home/silicon.jpg]
[icit2015.ximb.ac.in/_/rsrc/1450511109349/home/Tridentlogo.jpg]
[icit2015.ximb.ac.in/system/app/pages/recentChanges.html]
[www.gstatic.com/sites/p/e66861/system/js/jot_min_view__en.js]
[icit2015.ximb.ac.in/system/app/pages/reportAbuse.html]
[icit2015.ximb.ac.in/_/tz.1e.delayed]
[icit2015.ximb.ac.in/index.html]
[icit2015.ximb.ac.in/CSI/index.html]
[www.gstatic.com/sites/p/e66861/system/app/css/codemirror_css.css]
[ssl.gstatic.com/editor/bubble2_tr.gif]
[www.gstatic.com/sites/p/e66861/system/app/css/trogedit.css]
[icit2015.ximb.ac.in/_/rsrc/1452595358000/system/app/images/toolbar-check.gif]
[icit2015.ximb.ac.in/_/rsrc/1452595358000/system/app/images/icon-help-kennedy.png]
[icit2015.ximb.ac.in/site/sites/system/app/images/icon_plusone.22.delayed]
[icit2015.ximb.ac.in/site/sites/system/app/images/plusbadge.23.delayed]
[ssl.gstatic.com/images/icons/gplus-64.png]
[ssl.gstatic.com/images/icons/gplus-32.png]
[ssl.gstatic.com/images/icons/gplus-16.png]
[icit2015.ximb.ac.in/_/rsrc/1452595358000/system/app/css/editor.css]
[www.gstatic.com/sites/p/e66861/system/app/css/codeeditor.css]
[ssl.gstatic.com/ui/v1/menu/checkmark-partial.png]
[www.gstatic.com/sites/p/e66861/system/app/themes/microblueprint/standard-css-microblueprint-ltr-ltr.css]
[icit2015.ximb.ac.in/_/rsrc/1432538154711/config/icit15.png.1432538154602.png]
[icit2015.ximb.ac.in/_/rsrc/1452595358000/system/app/css/overlay9a00.css]
[icit2015.ximb.ac.in/_/rsrc/1452595358000/system/app/images/camelot.png]
[icit2015.ximb.ac.in/_/rsrc/1452595358000/system/app/css/camelot/allthemes-view.css]
[icit2015.ximb.ac.in/home.html]
[icit2015.ximb.ac.in/organizing-committee.html]
[icit2015.ximb.ac.in/tutorials.html]
[icit2015.ximb.ac.in/registration-fees.html]
[icit2015.ximb.ac.in/tpc.html]
[icit2015.ximb.ac.in/accomodation.html]
[icit2015.ximb.ac.in/contact.html]
[icit2015.ximb.ac.in/deadlines.html]
[icit2015.ximb.ac.in/papersub.html]
[www.gstatic.com/sites/p/e66861/system/js/jot_min__en.js]
[icit2015.ximb.ac.in/system/app/pages/sitemap/CSI/index.html]
[icit2015.ximb.ac.in/system.html]
[icit2015.ximb.ac.in/system/app.html]
[icit2015.ximb.ac.in/system/app/pages/sitemap/hierarchy.html]
[icit2015.ximb.ac.in/system/app/pages.html]
[icit2015.ximb.ac.in/system/app/pages/sitemap.html]
[icit2015.ximb.ac.in/activity.2f.delayed]
[icit2015.ximb.ac.in/system/app/pages/CSI/index.html]
[icit2015.ximb.ac.in/home/opgc.306fb5.delayed]
[0dc929f0-a-43d69170-s-sites.googlegroups.com/a/ximb.ac.in/icit2015/home/opgc.310726.delayed]
[0dc929f0-a-43d69170-s-sites.googlegroups.com/a/ximb.ac.in/icit2015/home/opgc0726.png]
[icit2015.ximb.ac.in/home/Tridentlogo.336fb5.delayed]
[0dc929f0-a-43d69170-s-sites.googlegroups.com/a/ximb.ac.in/icit2015/home/Tridentlogo.349a99.delayed]
[0dc929f0-a-43d69170-s-sites.googlegroups.com/a/ximb.ac.in/icit2015/home/Tridentlogo9a99.jpg]
[icit2015.ximb.ac.in/home/tatlogo.366fb5.delayed]
[0dc929f0-a-43d69170-s-sites.googlegroups.com/a/ximb.ac.in/icit2015/home/tatlogo.3702a0.delayed]
[0dc929f0-a-43d69170-s-sites.googlegroups.com/a/ximb.ac.in/icit2015/home/tatlogo02a0.png]
[icit2015.ximb.ac.in/home/silicon.396fb5.delayed]
[0dc929f0-a-43d69170-s-sites.googlegroups.com/a/ximb.ac.in/icit2015/home/silicon.3a5f75.delayed]
[0dc929f0-a-43d69170-s-sites.googlegroups.com/a/ximb.ac.in/icit2015/home/silicon5f75.jpg]
[icit2015.ximb.ac.in/home/GIFT.3c6fb5.delayed]
[0dc929f0-a-43d69170-s-sites.googlegroups.com/a/ximb.ac.in/icit2015/home/GIFT.3d2d2e.delayed]
[0dc929f0-a-43d69170-s-sites.googlegroups.com/a/ximb.ac.in/icit2015/home/GIFT2d2e.jpg]
[icit2015.ximb.ac.in/system/app/pages/recentChanges.html]
[icit2015.ximb.ac.in/system/app/pages/recentChanges4c30.html]
[icit2015.ximb.ac.in/system/app/pages/reportAbuse.html]
[icit2015.ximb.ac.in/_/tz.html]
[icit2015.ximb.ac.in/site/sites/system/app/images/icon_plusone.html]
[icit2015.ximb.ac.in/site/sites/system/app/images/plusbadge.html]
[icit2015.ximb.ac.in/system/app/pages/sitemap/CSI/index.html]
[icit2015.ximb.ac.in/system.html]
[icit2015.ximb.ac.in/system/app.html]
[icit2015.ximb.ac.in/system/app/pages.html]
[icit2015.ximb.ac.in/system/app/pages/sitemap.html]
[icit2015.ximb.ac.in/system/app/pages/CSI/index.html]
[icit2015.ximb.ac.in/home/MCL.436fb5.delayed]
[0dc929f0-a-43d69170-s-sites.googlegroups.com/a/ximb.ac.in/icit2015/home/MCL.44a39d.delayed]
[0dc929f0-a-43d69170-s-sites.googlegroups.com/a/ximb.ac.in/icit2015/home/MCLa39d.png]
[icit2015.ximb.ac.in/home/batoi-logo-white.466fb5.delayed]
[0dc929f0-a-43d69170-s-sites.googlegroups.com/a/ximb.ac.in/icit2015/home/batoi-logo-white.47ace0.delayed]
[0dc929f0-a-43d69170-s-sites.googlegroups.com/a/ximb.ac.in/icit2015/home/batoi-logo-whiteace0.png]
[icit2015.ximb.ac.in/home/DrubusLogo4.496fb5.delayed]
[0dc929f0-a-43d69170-s-sites.googlegroups.com/a/ximb.ac.in/icit2015/home/DrubusLogo4.4a93bb.delayed]
[0dc929f0-a-43d69170-s-sites.googlegroups.com/a/ximb.ac.in/icit2015/home/DrubusLogo493bb.png]
[icit2015.ximb.ac.in/system/errors/NodeNotFoundfe8f.html]
[icit2015.ximb.ac.in/system/app/pages/recentChangese164.html]
[icit2015.ximb.ac.in/system/app/pages/recentChanges4c30.html]
[icit2015.ximb.ac.in/_/rsrc/1452595358000/system/app/images/spinner.gif]
[icit2015.ximb.ac.in/_/rsrc/1452595358000/system/app/css/camelot/dashboard.css]
[icit2015.ximb.ac.in/system/app/pages/recentChangesf13c.html]
[icit2015.ximb.ac.in/_/rsrc/1452595358000/system/app/css/camelot/error.css]
[icit2015.ximb.ac.in/system/errors/NodeNotFoundfe8f.html]
[icit2015.ximb.ac.in/system/app/pages/recentChangese164.html]
[icit2015.ximb.ac.in/system/app/pages/recentChangesf13c.html]
[docs.google.com/images/env.html]
[icit2015.ximb.ac.in/system/errors/CSI/index.html]
[icit2015.ximb.ac.in/system/errors/CSI/index.html]
[icit2015.ximb.ac.in/system/app/pages/recentChanges79ee.html]
[icit2015.ximb.ac.in/home/ieee_logo_mb_tagline.556fb5.delayed]
[0dc929f0-a-43d69170-s-sites.googlegroups.com/a/ximb.ac.in/icit2015/home/ieee_logo_mb_tagline.569780.delayed]
[0dc929f0-a-43d69170-s-sites.googlegroups.com/a/ximb.ac.in/icit2015/home/ieee_logo_mb_tagline9780.gif]
[icit2015.ximb.ac.in/system/app/pages/recentChanges79ee.html]
[icit2015.ximb.ac.in/system/app/pages/recentChanges1206.html]
[icit2015.ximb.ac.in/system/app/pages/recentChanges1206.html]
[icit2015.ximb.ac.in/system/app/pages/recentChanges0e37.html]
[icit2015.ximb.ac.in/system/app/pages/recentChanges0e37.html]
[icit2015.ximb.ac.in/system/app/pages/recentChangesbb6e.html]
[icit2015.ximb.ac.in/system/app/pages/recentChangesbb6e.html]
[icit2015.ximb.ac.in/system/app/pages/recentChanges7880.html]
[icit2015.ximb.ac.in/system/app/pages/recentChanges7880.html]
